// Jest Snapshot v1, https://goo.gl/fbAQLP

exports[`[routes] <ReleaseRoute /> matches snapshot 1`] = `
<article
  class="Release"
>
  <header
    class="PageHeader"
  >
    <h1 />
  </header>
  <div
    class="MetaBar Release--meta"
  >
    <div
      class="Meta Release--type"
    >
      <svg
        fill="currentColor"
        height="1em"
        stroke="currentColor"
        stroke-width="0"
        viewBox="0 0 24 24"
        width="1em"
        xmlns="http://www.w3.org/2000/svg"
      >
        <path
          d="M12 2C6.48 2 2 6.48 2 12s4.48 10 10 10 10-4.48 10-10S17.52 2 12 2zm0 14.5c-2.49 0-4.5-2.01-4.5-4.5S9.51 7.5 12 7.5s4.5 2.01 4.5 4.5-2.01 4.5-4.5 4.5zm0-5.5c-.55 0-1 .45-1 1s.45 1 1 1 1-.45 1-1-.45-1-1-1z"
        />
      </svg>
       
      <span
        class="Meta--label"
      >
        Type:
      </span>
       
      <span
        class="Meta--value"
      >
        Album
      </span>
    </div>
    <div
      class="Meta Release--releasedOn"
    >
      <svg
        fill="currentColor"
        height="1em"
        stroke="currentColor"
        stroke-width="0"
        viewBox="0 0 24 24"
        width="1em"
        xmlns="http://www.w3.org/2000/svg"
      >
        <path
          d="M9 11H7v2h2v-2zm4 0h-2v2h2v-2zm4 0h-2v2h2v-2zm2-7h-1V2h-2v2H8V2H6v2H5c-1.11 0-1.99.9-1.99 2L3 20c0 1.1.89 2 2 2h14c1.1 0 2-.9 2-2V6c0-1.1-.9-2-2-2zm0 16H5V9h14v11z"
        />
      </svg>
       
      <span
        class="Meta--label"
      >
        Released:
      </span>
       
      <span
        class="Meta--value"
      >
        <time
          class="DateTime"
          datetime="2018-01-01"
          title="1 January 2018"
        >
          1 January 2018
        </time>
      </span>
    </div>
    <div
      class="Meta Release--length"
    >
      <svg
        fill="currentColor"
        height="1em"
        stroke="currentColor"
        stroke-width="0"
        viewBox="0 0 24 24"
        width="1em"
        xmlns="http://www.w3.org/2000/svg"
      >
        <path
          d="M11.99 2C6.47 2 2 6.48 2 12s4.47 10 9.99 10C17.52 22 22 17.52 22 12S17.52 2 11.99 2zM12 20c-4.42 0-8-3.58-8-8s3.58-8 8-8 8 3.58 8 8-3.58 8-8 8zm.5-13H11v6l5.25 3.15.75-1.23-4.5-2.67z"
        />
      </svg>
       
      <span
        class="Meta--label"
      >
        Length:
      </span>
       
      <span
        class="Meta--value"
      >
        0:00
      </span>
    </div>
    <div
      class="Meta Release--genre"
    >
      <svg
        fill="currentColor"
        height="1em"
        stroke="currentColor"
        stroke-width="0"
        viewBox="0 0 24 24"
        width="1em"
        xmlns="http://www.w3.org/2000/svg"
      >
        <path
          d="M12 3v10.55c-.59-.34-1.27-.55-2-.55-2.21 0-4 1.79-4 4s1.79 4 4 4 4-1.79 4-4V7h4V3h-6z"
        />
      </svg>
       
      <span
        class="Meta--label"
      >
        Genre:
      </span>
       
      <span
        class="Meta--value"
      />
    </div>
    <div
      class="Meta Release--tracks"
    >
      <svg
        fill="currentColor"
        height="1em"
        stroke="currentColor"
        stroke-width="0"
        viewBox="0 0 24 24"
        width="1em"
        xmlns="http://www.w3.org/2000/svg"
      >
        <path
          d="M2 17h2v.5H3v1h1v.5H2v1h3v-4H2v1zm1-9h1V4H2v1h1v3zm-1 3h1.8L2 13.1v.9h3v-1H3.2L5 10.9V10H2v1zm5-6v2h14V5H7zm0 14h14v-2H7v2zm0-6h14v-2H7v2z"
        />
      </svg>
        
      <span
        class="Meta--value"
      >
        2 tracks
      </span>
    </div>
  </div>
  <div
    class="Release--body"
  >
    <section
      class="Release--images"
    >
      <div
        class="Carousel"
      >
        <div
          class="Carousel--slides"
          style="transform: translate3d(-0%, 0, 0);"
        >
          <figure
            class="Image Release--images--image isLoading"
          >
            <div
              class="Image--wrapper"
            >
              <img
                alt=""
                src="Image URL 1"
              />
              <span
                class="Loader"
              >
                <div
                  class="Loader--animation"
                >
                  <span />
                  <span />
                  <span />
                </div>
              </span>
            </div>
          </figure>
          <figure
            class="Image Release--images--image isLoading"
          >
            <div
              class="Image--wrapper"
            >
              <img
                alt=""
                src="Image URL 2"
              />
              <span
                class="Loader"
              >
                <div
                  class="Loader--animation"
                >
                  <span />
                  <span />
                  <span />
                </div>
              </span>
            </div>
          </figure>
        </div>
        <div
          class="Carousel--pagination"
        >
          <button
            class="Button Carousel--pagination--page isSelected"
            type="button"
          >
            <span
              class="Button--content"
            >
              <span>
                1
              </span>
            </span>
          </button>
          <button
            class="Button Carousel--pagination--page"
            type="button"
          >
            <span
              class="Button--content"
            >
              <span>
                2
              </span>
            </span>
          </button>
        </div>
      </div>
    </section>
    <div
      class="Release--details"
    >
      <section
        class="Release--description"
      />
      <section
        class="Release--tracklist"
      >
        <h2>
          Tracklist
        </h2>
        <h3>
          Disc 0
        </h3>
        <ol>
          <li>
            <span
              class="Release--tracklist--title"
            >
              Disc 1, Track 1
            </span>
             
            <span
              class="Release--tracklist--genre"
            />
             
            <span
              class="Release--tracklist--length"
            >
              0:00
            </span>
          </li>
        </ol>
        <h3>
          Disc 1
        </h3>
        <ol>
          <li>
            <span
              class="Release--tracklist--title"
            >
              Disc 2, Track 1
            </span>
             
            <span
              class="Release--tracklist--genre"
            />
             
            <span
              class="Release--tracklist--length"
            >
              0:00
            </span>
          </li>
        </ol>
      </section>
      <section
        class="Release--copyright"
      >
        <p>
          ℗© 2018 
        </p>
      </section>
    </div>
  </div>
  <script
    type="application/ld+json"
  >
    {"@id":"http://localhost:/releases/test-1","@type":"MusicAlbum","albumProductionType":"http://schema.org/StudioAlbum","albumRelease":{"@type":"MusicRelease","duration":"PT0M0S","name":"","recordLabel":""},"albumReleaseType":"http://schema.org/album","byArtist":{"@type":"MusicGroup","name":""},"datePublished":"2017-12-31T11:00:00.000Z","description":"","image":"Image URL 1","mainEntityOfPage":{"@id":"http://localhost:/releases/test-1"},"name":"","track":{"@type":"ItemList","itemListElement":[{"@type":"ListItem","item":{"@type":"MusicRecording","duration":"PT0M0S","name":"Disc 1, Track 1","recordingOf":{"@type":"MusicComposition","name":"Disc 1, Track 1"}},"position":1},{"@type":"ListItem","item":{"@type":"MusicRecording","duration":"PT0M0S","name":"Disc 2, Track 1","recordingOf":{"@type":"MusicComposition","name":"Disc 2, Track 1"}},"position":2}],"numberOfItems":2},"@context":"http://schema.org/"}
  </script>
</article>
`;
