// Jest Snapshot v1, https://goo.gl/fbAQLP

exports[`<ConnectedErrorPage /> renders correctly 1`] = `
Array [
  <header
    class="PageHeader"
  >
    <h1>
      An error has occurred
    </h1>
  </header>,
  <p>
    An error has occurred, please try again.
  </p>,
]
`;
