// Jest Snapshot v1, https://goo.gl/fbAQLP

exports[`[routes] <AppearancesRoute /> renders correctly 1`] = `
<article
  class="AppearancesRoute"
>
  <header
    class="PageHeader"
  >
    <h1>
      <span>
        Appearances
      </span>
    </h1>
  </header>
  <section
    class="AppearanceListings AppearanceListings-upcoming"
  >
    <h2>
      <span>
        Upcoming
      </span>
    </h2>
    <div
      class="AppearanceListings-items"
    >
      <article
        class="AppearanceListing"
      >
        <a
          href="/appearances/nothing-but-yet-another-test-gig-2018-11-13"
        >
          <div
            class="AppearanceListing-details"
          >
            <header
              class="AppearanceListing-header"
            >
              <h3>
                Nothing But Yet Another Test Gig
              </h3>
            </header>
            <section
              class="AppearanceListing-meta"
            >
              <div
                class="Meta AppearanceListing-date"
              >
                <svg
                  fill="currentColor"
                  height="1em"
                  preserveAspectRatio="xMidYMid meet"
                  style="vertical-align:middle"
                  viewBox="0 0 40 40"
                  width="1em"
                >
                  <g>
                    <path
                      d="m31.6 33.4v-18.4h-23.2v18.4h23.2z m0-26.8c1.8 0 3.4 1.6 3.4 3.4v23.4c0 1.8-1.6 3.2-3.4 3.2h-23.2c-1.9 0-3.4-1.4-3.4-3.2v-23.4c0-1.8 1.5-3.4 3.4-3.4h1.6v-3.2h3.4v3.2h13.2v-3.2h3.4v3.2h1.6z m-3.2 11.8v3.2h-3.4v-3.2h3.4z m-6.8 0v3.2h-3.2v-3.2h3.2z m-6.6 0v3.2h-3.4v-3.2h3.4z"
                    />
                  </g>
                </svg>
                 
                <span
                  class="Meta-label"
                >
                  <span>
                    Date
                  </span>
                  :
                </span>
                 
                <span
                  class="Meta-value"
                >
                  <time
                    class="DateTime"
                    datetime="2018-01-20T07:00:00.000Z"
                    title="January 20, 2018"
                  >
                    January 20, 2018
                  </time>
                </span>
              </div>
              <div
                class="Meta AppearanceListing-time"
              >
                <svg
                  fill="currentColor"
                  height="1em"
                  preserveAspectRatio="xMidYMid meet"
                  style="vertical-align:middle"
                  viewBox="0 0 40 40"
                  width="1em"
                >
                  <g>
                    <path
                      d="m20.9 11.6v8.8l7.5 4.4-1.3 2.2-8.7-5.4v-10h2.5z m-0.9 21.8q5.5 0 9.4-4t4-9.4-4-9.4-9.4-4-9.4 4-4 9.4 4 9.4 9.4 4z m0-30q6.9 0 11.8 4.8t4.8 11.8-4.8 11.8-11.8 4.8-11.8-4.8-4.8-11.8 4.8-11.8 11.8-4.8z"
                    />
                  </g>
                </svg>
                 
                <span
                  class="Meta-label"
                >
                  <span>
                    Time
                  </span>
                  :
                </span>
                 
                <span
                  class="Meta-value"
                >
                  <time
                    class="DateTime"
                    datetime="2018-01-20T07:00:00.000Z"
                    title="8:00 PM"
                  >
                    8:00 PM
                  </time>
                </span>
              </div>
              <div
                class="Meta AppearanceListing-location"
                title="Meow - 9 Edward Street, Te Aro, Wellington 6011"
              >
                <svg
                  fill="currentColor"
                  height="1em"
                  preserveAspectRatio="xMidYMid meet"
                  style="vertical-align:middle"
                  viewBox="0 0 40 40"
                  width="1em"
                >
                  <g>
                    <path
                      d="m20 19.1q1.7 0 2.9-1.2t1.2-2.9-1.2-2.9-2.9-1.2-2.9 1.2-1.2 2.9 1.2 2.9 2.9 1.2z m0-15.7q4.8 0 8.2 3.4t3.4 8.2q0 2.4-1.2 5.5t-2.9 5.9-3.4 5.1-2.8 3.8l-1.3 1.3q-0.5-0.5-1.2-1.4t-2.9-3.6-3.5-5.2-2.8-5.8-1.2-5.6q0-4.8 3.4-8.2t8.2-3.4z"
                    />
                  </g>
                </svg>
                 
                <span
                  class="Meta-label"
                >
                  <span>
                    Location
                  </span>
                  :
                </span>
                 
                <span
                  class="Meta-value"
                >
                  Meow
                </span>
              </div>
              <div
                class="Meta AppearanceListing-audience"
              >
                <svg
                  fill="currentColor"
                  height="1em"
                  preserveAspectRatio="xMidYMid meet"
                  style="vertical-align:middle"
                  viewBox="0 0 40 40"
                  width="1em"
                >
                  <g>
                    <path
                      d="m26.6 21.6c3.9 0 11.8 2 11.8 5.9v4.1h-10v-4.1c0-2.5-1.4-4.4-3.3-5.8 0.5-0.1 1.1-0.1 1.5-0.1z m-13.2 0c3.9 0 11.6 2 11.6 5.9v4.1h-23.4v-4.1c0-3.9 7.9-5.9 11.8-5.9z m0-3.2c-2.8 0-5-2.3-5-5s2.2-5 5-5 4.9 2.2 4.9 5-2.2 5-4.9 5z m13.2 0c-2.7 0-5-2.3-5-5s2.3-5 5-5 5 2.2 5 5-2.2 5-5 5z"
                    />
                  </g>
                </svg>
                 
                <span
                  class="Meta-label"
                >
                  <span>
                    Audience
                  </span>
                  :
                </span>
                 
                <span
                  class="Meta-value"
                >
                  All ages
                </span>
              </div>
              <div
                class="Meta AppearanceListing-price"
              >
                 
                <span
                  class="Meta-label"
                >
                  <span>
                    Price
                  </span>
                  :
                </span>
                 
                <span
                  class="Meta-value"
                >
                  <span
                    class="Price PriceRange-min"
                  >
                    <span>
                      NZ$5
                    </span>
                  </span>
                  â€“
                  <span
                    class="Price PriceRange-max"
                  >
                    <span>
                      NZ$20
                    </span>
                  </span>
                </span>
              </div>
            </section>
          </div>
          <figure
            class="AppearanceListing-image"
          >
            <img
              alt="Nothing But Yet Another Test Gig"
              src="https://s3.amazonaws.com/mynameisviii-static/appearances/nothing-but-a-test-gig-2018-10-20.jpg"
            />
          </figure>
        </a>
      </article>
      <article
        class="AppearanceListing"
      >
        <a
          href="/appearances/nothing-but-a-test-gig-2018-11-13"
        >
          <div
            class="AppearanceListing-details"
          >
            <header
              class="AppearanceListing-header"
            >
              <h3>
                Nothing But a Test Gig
              </h3>
            </header>
            <section
              class="AppearanceListing-meta"
            >
              <div
                class="Meta AppearanceListing-date"
              >
                <svg
                  fill="currentColor"
                  height="1em"
                  preserveAspectRatio="xMidYMid meet"
                  style="vertical-align:middle"
                  viewBox="0 0 40 40"
                  width="1em"
                >
                  <g>
                    <path
                      d="m31.6 33.4v-18.4h-23.2v18.4h23.2z m0-26.8c1.8 0 3.4 1.6 3.4 3.4v23.4c0 1.8-1.6 3.2-3.4 3.2h-23.2c-1.9 0-3.4-1.4-3.4-3.2v-23.4c0-1.8 1.5-3.4 3.4-3.4h1.6v-3.2h3.4v3.2h13.2v-3.2h3.4v3.2h1.6z m-3.2 11.8v3.2h-3.4v-3.2h3.4z m-6.8 0v3.2h-3.2v-3.2h3.2z m-6.6 0v3.2h-3.4v-3.2h3.4z"
                    />
                  </g>
                </svg>
                 
                <span
                  class="Meta-label"
                >
                  <span>
                    Date
                  </span>
                  :
                </span>
                 
                <span
                  class="Meta-value"
                >
                  <time
                    class="DateTime"
                    datetime="2018-10-20T07:00:00.000Z"
                    title="October 20, 2018"
                  >
                    October 20, 2018
                  </time>
                </span>
              </div>
              <div
                class="Meta AppearanceListing-time"
              >
                <svg
                  fill="currentColor"
                  height="1em"
                  preserveAspectRatio="xMidYMid meet"
                  style="vertical-align:middle"
                  viewBox="0 0 40 40"
                  width="1em"
                >
                  <g>
                    <path
                      d="m20.9 11.6v8.8l7.5 4.4-1.3 2.2-8.7-5.4v-10h2.5z m-0.9 21.8q5.5 0 9.4-4t4-9.4-4-9.4-9.4-4-9.4 4-4 9.4 4 9.4 9.4 4z m0-30q6.9 0 11.8 4.8t4.8 11.8-4.8 11.8-11.8 4.8-11.8-4.8-4.8-11.8 4.8-11.8 11.8-4.8z"
                    />
                  </g>
                </svg>
                 
                <span
                  class="Meta-label"
                >
                  <span>
                    Time
                  </span>
                  :
                </span>
                 
                <span
                  class="Meta-value"
                >
                  <time
                    class="DateTime"
                    datetime="2018-10-20T07:00:00.000Z"
                    title="8:00 PM"
                  >
                    8:00 PM
                  </time>
                </span>
              </div>
              <div
                class="Meta AppearanceListing-location"
                title="Meow - 9 Edward Street, Te Aro, Wellington 6011"
              >
                <svg
                  fill="currentColor"
                  height="1em"
                  preserveAspectRatio="xMidYMid meet"
                  style="vertical-align:middle"
                  viewBox="0 0 40 40"
                  width="1em"
                >
                  <g>
                    <path
                      d="m20 19.1q1.7 0 2.9-1.2t1.2-2.9-1.2-2.9-2.9-1.2-2.9 1.2-1.2 2.9 1.2 2.9 2.9 1.2z m0-15.7q4.8 0 8.2 3.4t3.4 8.2q0 2.4-1.2 5.5t-2.9 5.9-3.4 5.1-2.8 3.8l-1.3 1.3q-0.5-0.5-1.2-1.4t-2.9-3.6-3.5-5.2-2.8-5.8-1.2-5.6q0-4.8 3.4-8.2t8.2-3.4z"
                    />
                  </g>
                </svg>
                 
                <span
                  class="Meta-label"
                >
                  <span>
                    Location
                  </span>
                  :
                </span>
                 
                <span
                  class="Meta-value"
                >
                  Meow
                </span>
              </div>
              <div
                class="Meta AppearanceListing-audience"
              >
                <svg
                  fill="currentColor"
                  height="1em"
                  preserveAspectRatio="xMidYMid meet"
                  style="vertical-align:middle"
                  viewBox="0 0 40 40"
                  width="1em"
                >
                  <g>
                    <path
                      d="m26.6 21.6c3.9 0 11.8 2 11.8 5.9v4.1h-10v-4.1c0-2.5-1.4-4.4-3.3-5.8 0.5-0.1 1.1-0.1 1.5-0.1z m-13.2 0c3.9 0 11.6 2 11.6 5.9v4.1h-23.4v-4.1c0-3.9 7.9-5.9 11.8-5.9z m0-3.2c-2.8 0-5-2.3-5-5s2.2-5 5-5 4.9 2.2 4.9 5-2.2 5-4.9 5z m13.2 0c-2.7 0-5-2.3-5-5s2.3-5 5-5 5 2.2 5 5-2.2 5-5 5z"
                    />
                  </g>
                </svg>
                 
                <span
                  class="Meta-label"
                >
                  <span>
                    Audience
                  </span>
                  :
                </span>
                 
                <span
                  class="Meta-value"
                >
                  18+
                </span>
              </div>
              <div
                class="Meta AppearanceListing-price"
              >
                 
                <span
                  class="Meta-label"
                >
                  <span>
                    Price
                  </span>
                  :
                </span>
                 
                <span
                  class="Meta-value"
                >
                  <span
                    class="Price PriceRange-min"
                  >
                    <span>
                      NZ$10
                    </span>
                  </span>
                  â€“
                  <span
                    class="Price PriceRange-max"
                  >
                    <span>
                      NZ$20
                    </span>
                  </span>
                </span>
              </div>
            </section>
          </div>
          <figure
            class="AppearanceListing-image"
          >
            <img
              alt="Nothing But a Test Gig"
              src="https://s3.amazonaws.com/mynameisviii-static/appearances/nothing-but-a-test-gig-2018-10-20.jpg"
            />
          </figure>
        </a>
      </article>
      <article
        class="AppearanceListing isCancelled"
      >
        <a
          href="/appearances/nothing-but-another-test-gig-2018-11-13"
        >
          <div
            class="AppearanceListing-details"
          >
            <header
              class="AppearanceListing-header"
            >
              <h3>
                Nothing But Another Test Gig
              </h3>
            </header>
            <section
              class="AppearanceListing-meta"
            >
              <div
                class="Meta AppearanceListing-status"
              >
                 
                <span
                  class="Meta-label"
                >
                  <span>
                    Status
                  </span>
                  :
                </span>
                 
                <span
                  class="Meta-value"
                >
                  <span>
                    Cancelled
                  </span>
                </span>
              </div>
              <div
                class="Meta AppearanceListing-date"
              >
                <svg
                  fill="currentColor"
                  height="1em"
                  preserveAspectRatio="xMidYMid meet"
                  style="vertical-align:middle"
                  viewBox="0 0 40 40"
                  width="1em"
                >
                  <g>
                    <path
                      d="m31.6 33.4v-18.4h-23.2v18.4h23.2z m0-26.8c1.8 0 3.4 1.6 3.4 3.4v23.4c0 1.8-1.6 3.2-3.4 3.2h-23.2c-1.9 0-3.4-1.4-3.4-3.2v-23.4c0-1.8 1.5-3.4 3.4-3.4h1.6v-3.2h3.4v3.2h13.2v-3.2h3.4v3.2h1.6z m-3.2 11.8v3.2h-3.4v-3.2h3.4z m-6.8 0v3.2h-3.2v-3.2h3.2z m-6.6 0v3.2h-3.4v-3.2h3.4z"
                    />
                  </g>
                </svg>
                 
                <span
                  class="Meta-label"
                >
                  <span>
                    Date
                  </span>
                  :
                </span>
                 
                <span
                  class="Meta-value"
                >
                  <time
                    class="DateTime"
                    datetime="2018-10-20T07:00:00.000Z"
                    title="October 20, 2018"
                  >
                    October 20, 2018
                  </time>
                </span>
              </div>
              <div
                class="Meta AppearanceListing-time"
              >
                <svg
                  fill="currentColor"
                  height="1em"
                  preserveAspectRatio="xMidYMid meet"
                  style="vertical-align:middle"
                  viewBox="0 0 40 40"
                  width="1em"
                >
                  <g>
                    <path
                      d="m20.9 11.6v8.8l7.5 4.4-1.3 2.2-8.7-5.4v-10h2.5z m-0.9 21.8q5.5 0 9.4-4t4-9.4-4-9.4-9.4-4-9.4 4-4 9.4 4 9.4 9.4 4z m0-30q6.9 0 11.8 4.8t4.8 11.8-4.8 11.8-11.8 4.8-11.8-4.8-4.8-11.8 4.8-11.8 11.8-4.8z"
                    />
                  </g>
                </svg>
                 
                <span
                  class="Meta-label"
                >
                  <span>
                    Time
                  </span>
                  :
                </span>
                 
                <span
                  class="Meta-value"
                >
                  <time
                    class="DateTime"
                    datetime="2018-10-20T07:00:00.000Z"
                    title="8:00 PM"
                  >
                    8:00 PM
                  </time>
                </span>
              </div>
              <div
                class="Meta AppearanceListing-location"
                title="Meow - 9 Edward Street, Te Aro, Wellington 6011"
              >
                <svg
                  fill="currentColor"
                  height="1em"
                  preserveAspectRatio="xMidYMid meet"
                  style="vertical-align:middle"
                  viewBox="0 0 40 40"
                  width="1em"
                >
                  <g>
                    <path
                      d="m20 19.1q1.7 0 2.9-1.2t1.2-2.9-1.2-2.9-2.9-1.2-2.9 1.2-1.2 2.9 1.2 2.9 2.9 1.2z m0-15.7q4.8 0 8.2 3.4t3.4 8.2q0 2.4-1.2 5.5t-2.9 5.9-3.4 5.1-2.8 3.8l-1.3 1.3q-0.5-0.5-1.2-1.4t-2.9-3.6-3.5-5.2-2.8-5.8-1.2-5.6q0-4.8 3.4-8.2t8.2-3.4z"
                    />
                  </g>
                </svg>
                 
                <span
                  class="Meta-label"
                >
                  <span>
                    Location
                  </span>
                  :
                </span>
                 
                <span
                  class="Meta-value"
                >
                  Meow
                </span>
              </div>
              <div
                class="Meta AppearanceListing-audience"
              >
                <svg
                  fill="currentColor"
                  height="1em"
                  preserveAspectRatio="xMidYMid meet"
                  style="vertical-align:middle"
                  viewBox="0 0 40 40"
                  width="1em"
                >
                  <g>
                    <path
                      d="m26.6 21.6c3.9 0 11.8 2 11.8 5.9v4.1h-10v-4.1c0-2.5-1.4-4.4-3.3-5.8 0.5-0.1 1.1-0.1 1.5-0.1z m-13.2 0c3.9 0 11.6 2 11.6 5.9v4.1h-23.4v-4.1c0-3.9 7.9-5.9 11.8-5.9z m0-3.2c-2.8 0-5-2.3-5-5s2.2-5 5-5 4.9 2.2 4.9 5-2.2 5-4.9 5z m13.2 0c-2.7 0-5-2.3-5-5s2.3-5 5-5 5 2.2 5 5-2.2 5-5 5z"
                    />
                  </g>
                </svg>
                 
                <span
                  class="Meta-label"
                >
                  <span>
                    Audience
                  </span>
                  :
                </span>
                 
                <span
                  class="Meta-value"
                >
                  18+
                </span>
              </div>
              <div
                class="Meta AppearanceListing-price"
              >
                 
                <span
                  class="Meta-label"
                >
                  <span>
                    Price
                  </span>
                  :
                </span>
                 
                <span
                  class="Meta-value"
                >
                  <span
                    class="Price PriceRange-min"
                  >
                    <span>
                      NZ$20
                    </span>
                  </span>
                </span>
              </div>
            </section>
          </div>
          <figure
            class="AppearanceListing-image"
          >
            <img
              alt="Nothing But Another Test Gig"
              src="https://s3.amazonaws.com/mynameisviii-static/appearances/nothing-but-a-test-gig-2018-10-20.jpg"
            />
          </figure>
        </a>
      </article>
    </div>
  </section>
</article>
`;
