// Jest Snapshot v1, https://goo.gl/fbAQLP

exports[`[presentation] <ReleaseListing /> matches snapshot 1`] = `
<article
  class="ReleaseListing isRendered"
>
  <a
    href="/releases/release-1"
  >
    <div
      class="ReleaseListing--details"
    >
      <header
        class="ReleaseListing--header"
      >
        <h3>
          <span>
            Title
          </span>
        </h3>
      </header>
      <section
        class="ReleaseListing--meta"
      >
        <div
          class="Meta ReleaseListing--releasedOn"
        >
          <svg
            fill="currentColor"
            height="1em"
            stroke="currentColor"
            stroke-width="0"
            viewBox="0 0 24 24"
            width="1em"
            xmlns="http://www.w3.org/2000/svg"
          >
            <path
              d="M9 11H7v2h2v-2zm4 0h-2v2h2v-2zm4 0h-2v2h2v-2zm2-7h-1V2h-2v2H8V2H6v2H5c-1.11 0-1.99.9-1.99 2L3 20c0 1.1.89 2 2 2h14c1.1 0 2-.9 2-2V6c0-1.1-.9-2-2-2zm0 16H5V9h14v11z"
            />
          </svg>
           
          <span
            class="Meta--label"
          >
            Released:
          </span>
           
          <span
            class="Meta--value"
          >
            <time
              class="DateTime"
              datetime="2017-01-01"
              title="1 January 2017"
            >
              1 January 2017
            </time>
          </span>
        </div>
        <div
          class="Meta ReleaseListing--length"
        >
          <svg
            fill="currentColor"
            height="1em"
            stroke="currentColor"
            stroke-width="0"
            viewBox="0 0 24 24"
            width="1em"
            xmlns="http://www.w3.org/2000/svg"
          >
            <path
              d="M11.99 2C6.47 2 2 6.48 2 12s4.47 10 9.99 10C17.52 22 22 17.52 22 12S17.52 2 11.99 2zM12 20c-4.42 0-8-3.58-8-8s3.58-8 8-8 8 3.58 8 8-3.58 8-8 8zm.5-13H11v6l5.25 3.15.75-1.23-4.5-2.67z"
            />
          </svg>
           
          <span
            class="Meta--label"
          >
            Length:
          </span>
           
          <span
            class="Meta--value"
          >
            5:00
          </span>
        </div>
        <div
          class="Meta ReleaseListing--genre"
        >
          <svg
            fill="currentColor"
            height="1em"
            stroke="currentColor"
            stroke-width="0"
            viewBox="0 0 24 24"
            width="1em"
            xmlns="http://www.w3.org/2000/svg"
          >
            <path
              d="M12 3v10.55c-.59-.34-1.27-.55-2-.55-2.21 0-4 1.79-4 4s1.79 4 4 4 4-1.79 4-4V7h4V3h-6z"
            />
          </svg>
           
          <span
            class="Meta--label"
          >
            Genre:
          </span>
           
          <span
            class="Meta--value"
          >
            Genre
          </span>
        </div>
        <div
          class="Meta ReleaseListing--tracks"
        >
          <svg
            fill="currentColor"
            height="1em"
            stroke="currentColor"
            stroke-width="0"
            viewBox="0 0 24 24"
            width="1em"
            xmlns="http://www.w3.org/2000/svg"
          >
            <path
              d="M2 17h2v.5H3v1h1v.5H2v1h3v-4H2v1zm1-9h1V4H2v1h1v3zm-1 3h1.8L2 13.1v.9h3v-1H3.2L5 10.9V10H2v1zm5-6v2h14V5H7zm0 14h14v-2H7v2zm0-6h14v-2H7v2z"
            />
          </svg>
            
          <span
            class="Meta--value"
          >
            1 track
          </span>
        </div>
      </section>
    </div>
    <figure
      class="Image ReleaseListing--image isLoading"
    >
      <div
        class="Image--wrapper"
      >
        <img
          alt="Title"
          src="Image URL"
        />
        <span
          class="Loader"
        >
          <div
            class="Loader--animation"
          >
            <span />
            <span />
            <span />
          </div>
        </span>
      </div>
    </figure>
  </a>
  <script
    type="application/ld+json"
  >
    {"@id":"http://localhost:/releases/release-1","@type":"MusicAlbum","albumProductionType":"http://schema.org/StudioAlbum","albumRelease":{"@type":"MusicRelease","duration":"PT5M0S","name":"Title","recordLabel":"Record Label"},"albumReleaseType":"http://schema.org/album","byArtist":{"@type":"MusicGroup","name":"Artist Name"},"datePublished":"2017-01-01T00:00:00","description":"Description","image":"Image URL","mainEntityOfPage":{"@id":"http://localhost:/releases/release-1"},"name":"Title","track":{"@type":"ItemList","itemListElement":[{"@type":"ListItem","item":{"@type":"MusicRecording","duration":"PT5M0S","name":"Title","recordingOf":{"@type":"MusicComposition","name":"Title"}},"position":1}],"numberOfItems":1},"@context":"http://schema.org/"}
  </script>
</article>
`;
