// Jest Snapshot v1, https://goo.gl/fbAQLP

exports[`[routes] <AppearanceRoute /> matches snapshot 1`] = `
<article
  class="Appearance"
>
  <header
    class="PageHeader"
  >
    <h1 />
  </header>
  <div
    class="MetaBar Appearance--meta"
  >
    <div
      class="Meta Appearance--date"
    >
      <svg
        fill="currentColor"
        height="1em"
        stroke="currentColor"
        stroke-width="0"
        viewBox="0 0 24 24"
        width="1em"
        xmlns="http://www.w3.org/2000/svg"
      >
        <path
          d="M9 11H7v2h2v-2zm4 0h-2v2h2v-2zm4 0h-2v2h2v-2zm2-7h-1V2h-2v2H8V2H6v2H5c-1.11 0-1.99.9-1.99 2L3 20c0 1.1.89 2 2 2h14c1.1 0 2-.9 2-2V6c0-1.1-.9-2-2-2zm0 16H5V9h14v11z"
        />
      </svg>
       
      <span
        class="Meta--label"
      >
        Date:
      </span>
       
      <span
        class="Meta--value"
      >
        <time
          class="DateTime"
          datetime="2018-01-01"
          title="Monday, 1 January 2018"
        >
          Monday, 1 January 2018
        </time>
      </span>
    </div>
    <div
      class="Meta Appearance--time"
    >
      <svg
        fill="currentColor"
        height="1em"
        stroke="currentColor"
        stroke-width="0"
        viewBox="0 0 24 24"
        width="1em"
        xmlns="http://www.w3.org/2000/svg"
      >
        <path
          d="M11.99 2C6.47 2 2 6.48 2 12s4.47 10 9.99 10C17.52 22 22 17.52 22 12S17.52 2 11.99 2zM12 20c-4.42 0-8-3.58-8-8s3.58-8 8-8 8 3.58 8 8-3.58 8-8 8zm.5-13H11v6l5.25 3.15.75-1.23-4.5-2.67z"
        />
      </svg>
       
      <span
        class="Meta--label"
      >
        Time:
      </span>
       
      <span
        class="Meta--value"
      >
        <time
          class="DateTime"
          datetime="2018-01-01T00:00:00"
          title="12:00 AM"
        >
          12:00 AM
        </time>
        â€“
        <time
          class="DateTime"
          datetime="2018-01-01T00:00:00"
          title="12:00 AM"
        >
          12:00 AM
        </time>
      </span>
    </div>
    <div
      class="Meta Appearance--location"
      title=" - undefined"
    >
      <svg
        fill="currentColor"
        height="1em"
        stroke="currentColor"
        stroke-width="0"
        viewBox="0 0 24 24"
        width="1em"
        xmlns="http://www.w3.org/2000/svg"
      >
        <path
          d="M12 2C8.13 2 5 5.13 5 9c0 5.25 7 13 7 13s7-7.75 7-13c0-3.87-3.13-7-7-7zm0 9.5c-1.38 0-2.5-1.12-2.5-2.5s1.12-2.5 2.5-2.5 2.5 1.12 2.5 2.5-1.12 2.5-2.5 2.5z"
        />
      </svg>
       
      <span
        class="Meta--label"
      >
        Location:
      </span>
       
      <span
        class="Meta--value"
      />
    </div>
  </div>
  <div
    class="Appearance--body"
  >
    <div
      class="Appearance--details"
    >
      <section
        class="Appearance--description"
      >
        <p />
      </section>
      <section
        class="Appearance--acts"
      >
        <h2>
          Featured acts
        </h2>
        <div
          class="Appearance--acts--items"
        />
      </section>
    </div>
    <section
      class="Appearance--images"
    >
      <h2>
        Photos
      </h2>
      <div
        class="ImageGallery Appearance--images--items"
      >
        <figure
          class="Image isLoading"
          role="button"
          tabindex="0"
        >
          <div
            class="Image--wrapper"
          >
            <img
              alt=""
              src="1"
            />
            <span
              class="Loader"
            >
              <div
                class="Loader--animation"
              >
                <span />
                <span />
                <span />
              </div>
            </span>
          </div>
        </figure>
        <figure
          class="Image isLoading"
          role="button"
          tabindex="0"
        >
          <div
            class="Image--wrapper"
          >
            <img
              alt=""
              src="2"
            />
            <span
              class="Loader"
            >
              <div
                class="Loader--animation"
              >
                <span />
                <span />
                <span />
              </div>
            </span>
          </div>
        </figure>
      </div>
    </section>
  </div>
</article>
`;
