// Jest Snapshot v1, https://goo.gl/fbAQLP

exports[`[containers] <InstallPromptToast /> displays correctly when \`beforeinstallprompt\` event is fired 1`] = `
<div
  class="Toast isHidden"
>
  <div
    class="Toast-content"
  >
    <div
      class="Toast-message"
    >
      <span>
        Would you like to install the Viii app?
      </span>
      <button
        class="Button Toast-installButton"
        type="button"
      >
        <span
          class="Button-content"
        >
          <span>
            Install
          </span>
        </span>
      </button>
    </div>
    <button
      class="Toast-closeButton"
      title="Close"
    >
      <svg
        attr="[object Object]"
        fill="currentColor"
        height="1em"
        stroke="currentColor"
        stroke-width="0"
        viewBox="0 0 24 24"
        width="1em"
      >
        <path
          d="M19 6.41L17.59 5 12 10.59 6.41 5 5 6.41 10.59 12 5 17.59 6.41 19 12 13.41 17.59 19 19 17.59 13.41 12z"
        />
      </svg>
    </button>
  </div>
</div>
`;

exports[`[containers] <InstallPromptToast /> renders null initially 1`] = `null`;
