// Jest Snapshot v1, https://goo.gl/fbAQLP

exports[`[presentation] <LoadButton /> renders correctly with minimum props 1`] = `
<button
  class="Button LoadButton TestLoadButton"
  type="button"
>
  <span
    class="Button-content"
  >
    Load button
  </span>
</button>
`;
