// Jest Snapshot v1, https://goo.gl/fbAQLP

exports[`[presentation] <SaleListing /> when url is defined matches snapshot 1`] = `
<article
  class="SaleListing"
>
  <a
    class="SaleListing--link"
    href="https://ticket.com/id"
    rel="noopener noreferrer"
    target="_blank"
  >
    <div
      class="SaleListing--icon"
    >
      <svg
        fill="currentColor"
        height="1em"
        stroke="currentColor"
        stroke-width="0"
        viewBox="0 0 576 512"
        width="1em"
        xmlns="http://www.w3.org/2000/svg"
      >
        <path
          d="M128 160h320v192H128V160zm400 96c0 26.51 21.49 48 48 48v96c0 26.51-21.49 48-48 48H48c-26.51 0-48-21.49-48-48v-96c26.51 0 48-21.49 48-48s-21.49-48-48-48v-96c0-26.51 21.49-48 48-48h480c26.51 0 48 21.49 48 48v96c-26.51 0-48 21.49-48 48zm-48-104c0-13.255-10.745-24-24-24H120c-13.255 0-24 10.745-24 24v208c0 13.255 10.745 24 24 24h336c13.255 0 24-10.745 24-24V152z"
        />
      </svg>
    </div>
    <div
      class="SaleListing--details"
    >
      <h3>
        Sale: 
        <span
          class="Price"
        >
          US$99.99
        </span>
      </h3>
      <section
        class="SaleListing--meta"
      >
        <div
          class="Meta SaleListing--website"
        >
          <svg
            fill="currentColor"
            height="1em"
            stroke="currentColor"
            stroke-width="0"
            viewBox="0 0 24 24"
            width="1em"
            xmlns="http://www.w3.org/2000/svg"
          >
            <path
              d="M11.99 2C6.47 2 2 6.48 2 12s4.47 10 9.99 10C17.52 22 22 17.52 22 12S17.52 2 11.99 2zm6.93 6h-2.95c-.32-1.25-.78-2.45-1.38-3.56 1.84.63 3.37 1.91 4.33 3.56zM12 4.04c.83 1.2 1.48 2.53 1.91 3.96h-3.82c.43-1.43 1.08-2.76 1.91-3.96zM4.26 14C4.1 13.36 4 12.69 4 12s.1-1.36.26-2h3.38c-.08.66-.14 1.32-.14 2 0 .68.06 1.34.14 2H4.26zm.82 2h2.95c.32 1.25.78 2.45 1.38 3.56-1.84-.63-3.37-1.9-4.33-3.56zm2.95-8H5.08c.96-1.66 2.49-2.93 4.33-3.56C8.81 5.55 8.35 6.75 8.03 8zM12 19.96c-.83-1.2-1.48-2.53-1.91-3.96h3.82c-.43 1.43-1.08 2.76-1.91 3.96zM14.34 14H9.66c-.09-.66-.16-1.32-.16-2 0-.68.07-1.35.16-2h4.68c.09.65.16 1.32.16 2 0 .68-.07 1.34-.16 2zm.25 5.56c.6-1.11 1.06-2.31 1.38-3.56h2.95c-.96 1.65-2.49 2.93-4.33 3.56zM16.36 14c.08-.66.14-1.32.14-2 0-.68-.06-1.34-.14-2h3.38c.16.64.26 1.31.26 2s-.1 1.36-.26 2h-3.38z"
            />
          </svg>
           
          <span
            class="Meta--label"
          >
            Website:
          </span>
           
          <span
            class="Meta--value"
          >
            ticket.com
          </span>
        </div>
      </section>
    </div>
  </a>
</article>
`;

exports[`[presentation] <SaleListing /> when url isn't defined matches snapshot 1`] = `
<article
  class="SaleListing"
>
  <span
    class="SaleListing--link"
  >
    <div
      class="SaleListing--icon"
    >
      <svg
        fill="currentColor"
        height="1em"
        stroke="currentColor"
        stroke-width="0"
        viewBox="0 0 576 512"
        width="1em"
        xmlns="http://www.w3.org/2000/svg"
      >
        <path
          d="M128 160h320v192H128V160zm400 96c0 26.51 21.49 48 48 48v96c0 26.51-21.49 48-48 48H48c-26.51 0-48-21.49-48-48v-96c26.51 0 48-21.49 48-48s-21.49-48-48-48v-96c0-26.51 21.49-48 48-48h480c26.51 0 48 21.49 48 48v96c-26.51 0-48 21.49-48 48zm-48-104c0-13.255-10.745-24-24-24H120c-13.255 0-24 10.745-24 24v208c0 13.255 10.745 24 24 24h336c13.255 0 24-10.745 24-24V152z"
        />
      </svg>
    </div>
    <div
      class="SaleListing--details"
    >
      <h3>
        Sale: 
        <span
          class="Price"
        >
          US$99.99
        </span>
      </h3>
      <section
        class="SaleListing--meta"
      />
    </div>
  </span>
</article>
`;
