// Jest Snapshot v1, https://goo.gl/fbAQLP

exports[`[presentation] <Modal /> when toggling the isOpen prop matches snapshot when open 1`] = `
<div
  class="Portal--inPlace"
>
  <div
    aria-hidden="false"
    aria-modal="true"
    class="Modal TestModal isVisible"
    role="dialog"
  >
    <button
      class="Button Modal--overlay"
      type="button"
    >
      <span
        class="Button--content"
      />
    </button>
    <div
      class="Modal--content"
    >
      <div
        class="Modal--body"
      >
        <div
          class="Modal--testContent"
        >
          <input
            id="Modal--input"
          />
        </div>
      </div>
      <button
        class="Button Modal--closeButton"
        type="button"
      >
        <span
          class="Button--content"
        >
          <svg
            fill="currentColor"
            height="1em"
            stroke="currentColor"
            stroke-width="0"
            viewBox="0 0 24 24"
            width="1em"
            xmlns="http://www.w3.org/2000/svg"
          >
            <path
              d="M19 6.41L17.59 5 12 10.59 6.41 5 5 6.41 10.59 12 5 17.59 6.41 19 12 13.41 17.59 19 19 17.59 13.41 12z"
            />
          </svg>
        </span>
      </button>
    </div>
  </div>
</div>
`;
