// Jest Snapshot v1, https://goo.gl/fbAQLP

exports[`[presentation] <ResourceListing /> matches snapshot 1`] = `
<article
  class="ResourceListing isRendered"
>
  <a
    href="URL"
    rel="noopener"
    target="_blank"
  >
    <figure
      class="Image ResourceListing--image isLoading"
    >
      <div
        class="Image--wrapper"
      >
        <img
          alt="Title"
          src="Image URL"
        />
        <span
          class="Loader"
        >
          <div
            class="Loader--animation"
          >
            <span />
            <span />
            <span />
          </div>
        </span>
      </div>
    </figure>
    <div
      class="ResourceListing--details"
    >
      <h3>
        Title
      </h3>
      <p>
        Description
      </p>
    </div>
  </a>
</article>
`;
